<html>
<body>
<pre>
<h1>µVision Build Log</h1>
<h2>Tool Versions:</h2>
IDE-Version: µVision V5.29.0.0
Copyright (C) 2019 ARM Ltd and ARM Germany GmbH. All rights reserved.
License Information: Yousef Fayez, ASU, LIC=----
 
Tool Versions:
Toolchain:       MDK-Lite  Version: 5.29.0.0
Toolchain Path:  C:\Keil_v5\ARM\ARMCLANG\Bin
C Compiler:      ArmClang.exe V6.13.1
Assembler:       Armasm.exe V6.13.1
Linker/Locator:  ArmLink.exe V6.13.1
Library Manager: ArmAr.exe V6.13.1
Hex Converter:   FromElf.exe V6.13.1
CPU DLL:         SARMCM3.DLL V5.29.0.0
Dialog DLL:      DCM.DLL V1.17.3.0
Target DLL:      lmidk-agdi.dll V???
Dialog DLL:      TCM.DLL V1.36.5.0
 
<h2>Project:</h2>
D:\Autosar\TASK2AUTOSAR\autosartest.uvprojx
Project File Date:  09/07/2024

<h2>Output:</h2>
*** Using Compiler 'V6.13.1', folder: 'C:\Keil_v5\ARM\ARMCLANG\Bin'
Rebuild target 'Target 1'
assembling startup_TM4C123.s...
main.c(2): warning: In file included from...
./Port_LCfg.h(18): warning: In file included from...
./Port_Types.h(6): warning: redefinition of typedef 'uint8' is a C11 feature [-Wtypedef-redefinition]
typedef unsigned char uint8;
                      ^
./Dio_Types.h(5): note: previous definition is here
typedef unsigned char uint8;
                      ^
main.c(2): warning: In file included from...
./Port_LCfg.h(247): warning: 'DEFAULT_PARAMETER_ENUM_VALUE' macro redefined [-Wmacro-redefined]
#define DEFAULT_PARAMETER_ENUM_VALUE            (11U)
        ^
./Dio_LCfg.h(193): note: previous definition is here
#define DEFAULT_PARAMETER_ENUM_VALUE            (0U)
        ^
main.c(8): warning: incompatible pointer types passing 'PortPin_s *' to parameter of type 'const Port_ConfigType *' [-Wincompatible-pointer-types]
 Port_Init(&PortPin[0]);
           ^~~~~~~~~~~
./Port_Types.h(54): note: passing argument to parameter 'ConfigPtr' here
void Port_Init(const Port_ConfigType* ConfigPtr);
                                      ^
3 warnings generated.
compiling main.c...
compiling Port_LCfg.c...
compiling Dio_LCfg.c...
compiling system_TM4C123.c...
linking...
Program Size: Code=1000 RO-data=652 RW-data=40 ZI-data=616  
".\Objects\autosartest.axf" - 0 Error(s), 3 Warning(s).

<h2>Software Packages used:</h2>

Package Vendor: ARM
                https://www.keil.com/pack/ARM.CMSIS.6.0.0.pack
                ARM.CMSIS.6.0.0
                CMSIS (Common Microcontroller Software Interface Standard)
   * Component: CORE Version: 6.0.0

Package Vendor: Keil
                http://www.keil.com/pack/Keil.TM4C_DFP.1.1.0.pack
                Keil.TM4C_DFP.1.1.0
                Texas Instruments Tiva C Series Device Support and Examples
   * Component: Startup Version: 1.0.1

<h2>Collection of Component include folders:</h2>
  .\RTE\_Target_1
  C:\Users\DELL\AppData\Local\Arm\Packs\ARM\CMSIS\6.0.0\CMSIS\Core\Include
  C:\Users\DELL\AppData\Local\Arm\Packs\Keil\TM4C_DFP\1.1.0\Device\Include\TM4C123

<h2>Collection of Component Files used:</h2>

   * Component: ARM::CMSIS:CORE:6.0.0

   * Component: Keil::Device:Startup:1.0.1
      Source file:   Device\Source\ARM\startup_TM4C123.s
      Source file:   Device\Source\system_TM4C123.c
      Include file:  Device\Include\TM4C123\TM4C123.h
Build Time Elapsed:  00:00:01
</pre>
</body>
</html>
